// Jest Snapshot v1, https://goo.gl/fbAQLP

exports[` should render NewProjectModal 1`] = `<div />`;
